2026-02-11T08:55:11Z INF Thank you for trying Cloudflare Tunnel. Doing so, without a Cloudflare account, is a quick way to experiment and try it out. However, be aware that these account-less Tunnels have no uptime guarantee, are subject to the Cloudflare Online Services Terms of Use (https://www.cloudflare.com/website-terms/), and Cloudflare reserves the right to investigate your use of Tunnels for violations of such terms. If you intend to use Tunnels in production you should use a pre-created named tunnel by following: https://developers.cloudflare.com/cloudflare-one/connections/connect-apps
2026-02-11T08:55:11Z INF Requesting new quick Tunnel on trycloudflare.com...
2026-02-11T08:55:16Z INF +--------------------------------------------------------------------------------------------+
2026-02-11T08:55:16Z INF |  Your quick Tunnel has been created! Visit it at (it may take some time to be reachable):  |
2026-02-11T08:55:16Z INF |  https://sending-philips-males-prefers.trycloudflare.com                                   |
2026-02-11T08:55:16Z INF +--------------------------------------------------------------------------------------------+
2026-02-11T08:55:16Z INF Cannot determine default configuration path. No file [config.yml config.yaml] in [~/.cloudflared ~/.cloudflare-warp ~/cloudflare-warp]
2026-02-11T08:55:16Z INF Version 2025.8.1 (Checksum b5d598b00cc3a28cabc5812d9f762819334614bae452db4e7f23eefe7b081556)
2026-02-11T08:55:16Z INF GOOS: windows, GOVersion: go1.24.2, GoArch: amd64
2026-02-11T08:55:16Z INF Settings: map[ha-connections:1 protocol:quic url:http://localhost:4200]
2026-02-11T08:55:16Z INF cloudflared will not automatically update on Windows systems.
2026-02-11T08:55:16Z INF Generated Connector ID: 43bfb199-712e-438c-83b9-a3b65e9bcf43
2026-02-11T08:55:16Z INF Initial protocol quic
2026-02-11T08:55:16Z INF ICMP proxy will use 192.168.13.14 as source for IPv4
2026-02-11T08:55:16Z INF ICMP proxy will use fe80::38a9:45aa:ca63:8500 in zone Wi-Fi as source for IPv6
2026-02-11T08:55:16Z ERR Cannot determine default origin certificate path. No file cert.pem in [~/.cloudflared ~/.cloudflare-warp ~/cloudflare-warp]. You need to specify the origin certificate path by specifying the origincert option in the configuration file, or set TUNNEL_ORIGIN_CERT environment variable originCertPath=
2026-02-11T08:55:16Z INF cloudflared does not support loading the system root certificate pool on Windows. Please use --origin-ca-pool <PATH> to specify the path to the certificate pool
2026-02-11T08:55:16Z INF ICMP proxy will use 192.168.13.14 as source for IPv4
2026-02-11T08:55:16Z INF Tunnel connection curve preferences: [X25519MLKEM768 CurveP256] connIndex=0 event=0 ip=198.41.200.23
2026-02-11T08:55:16Z INF ICMP proxy will use fe80::38a9:45aa:ca63:8500 in zone Wi-Fi as source for IPv6
2026-02-11T08:55:16Z INF Starting metrics server on 127.0.0.1:20242/metrics
2026-02-11T08:55:16Z INF Registered tunnel connection connIndex=0 connection=32f864bf-edfb-45e3-8c0a-186a332079fc event=0 ip=198.41.200.23 location=mad05 protocol=quic
2026/02/11 09:57:41 Unsolicited response received on idle HTTP channel starting with "HTTP/1.1 400 Bad Request\r\n\r\n"; err=<nil>
2026/02/11 09:57:41 Unsolicited response received on idle HTTP channel starting with "HTTP/1.1 400 Bad Request\r\n\r\n"; err=<nil>
2026/02/11 10:02:12 Unsolicited response received on idle HTTP channel starting with "HTTP/1.1 400 Bad Request\r\n\r\n"; err=<nil>
2026/02/11 10:08:42 Unsolicited response received on idle HTTP channel starting with "HTTP/1.1 400 Bad Request\r\n\r\n"; err=<nil>
2026/02/11 10:08:42 Unsolicited response received on idle HTTP channel starting with "HTTP/1.1 400 Bad Request\r\n\r\n"; err=<nil>
2026/02/11 10:08:42 Unsolicited response received on idle HTTP channel starting with "HTTP/1.1 400 Bad Request\r\n\r\n"; err=<nil>
2026/02/11 10:23:12 Unsolicited response received on idle HTTP channel starting with "HTTP/1.1 400 Bad Request\r\n\r\n"; err=<nil>
2026/02/11 10:26:12 Unsolicited response received on idle HTTP channel starting with "HTTP/1.1 400 Bad Request\r\n\r\n"; err=<nil>
2026/02/11 10:26:12 Unsolicited response received on idle HTTP channel starting with "HTTP/1.1 400 Bad Request\r\n\r\n"; err=<nil>
2026/02/11 10:29:42 Unsolicited response received on idle HTTP channel starting with "HTTP/1.1 400 Bad Request\r\n\r\n"; err=<nil>
2026/02/11 11:00:42 Unsolicited response received on idle HTTP channel starting with "HTTP/1.1 400 Bad Request\r\n\r\n"; err=<nil>
2026/02/11 11:00:42 Unsolicited response received on idle HTTP channel starting with "HTTP/1.1 400 Bad Request\r\n\r\n"; err=<nil>
2026/02/11 11:03:12 Unsolicited response received on idle HTTP channel starting with "HTTP/1.1 400 Bad Request\r\n\r\n"; err=<nil>
2026/02/11 11:03:12 Unsolicited response received on idle HTTP channel starting with "HTTP/1.1 400 Bad Request\r\n\r\n"; err=<nil>
2026/02/11 11:03:12 Unsolicited response received on idle HTTP channel starting with "HTTP/1.1 400 Bad Request\r\n\r\n"; err=<nil>
2026/02/11 11:17:42 Unsolicited response received on idle HTTP channel starting with "HTTP/1.1 400 Bad Request\r\n\r\n"; err=<nil>
2026/02/11 11:17:42 Unsolicited response received on idle HTTP channel starting with "HTTP/1.1 400 Bad Request\r\n\r\n"; err=<nil>
2026/02/11 11:21:42 Unsolicited response received on idle HTTP channel starting with "HTTP/1.1 400 Bad Request\r\n\r\n"; err=<nil>
2026/02/11 11:46:13 Unsolicited response received on idle HTTP channel starting with "HTTP/1.1 400 Bad Request\r\n\r\n"; err=<nil>
2026/02/11 11:49:43 Unsolicited response received on idle HTTP channel starting with "HTTP/1.1 400 Bad Request\r\n\r\n"; err=<nil>
2026/02/11 11:49:43 Unsolicited response received on idle HTTP channel starting with "HTTP/1.1 400 Bad Request\r\n\r\n"; err=<nil>
2026/02/11 11:49:43 Unsolicited response received on idle HTTP channel starting with "HTTP/1.1 400 Bad Request\r\n\r\n"; err=<nil>
2026/02/11 11:49:43 Unsolicited response received on idle HTTP channel starting with "HTTP/1.1 400 Bad Request\r\n\r\n"; err=<nil>
2026/02/11 12:11:13 Unsolicited response received on idle HTTP channel starting with "HTTP/1.1 400 Bad Request\r\n\r\n"; err=<nil>
2026/02/11 12:11:13 Unsolicited response received on idle HTTP channel starting with "HTTP/1.1 400 Bad Request\r\n\r\n"; err=<nil>
2026/02/11 12:18:43 Unsolicited response received on idle HTTP channel starting with "HTTP/1.1 400 Bad Request\r\n\r\n"; err=<nil>
2026/02/11 12:49:14 Unsolicited response received on idle HTTP channel starting with "HTTP/1.1 400 Bad Request\r\n\r\n"; err=<nil>
2026/02/11 12:49:14 Unsolicited response received on idle HTTP channel starting with "HTTP/1.1 400 Bad Request\r\n\r\n"; err=<nil>
2026/02/11 12:49:14 Unsolicited response received on idle HTTP channel starting with "HTTP/1.1 400 Bad Request\r\n\r\n"; err=<nil>
2026/02/11 12:49:14 Unsolicited response received on idle HTTP channel starting with "HTTP/1.1 400 Bad Request\r\n\r\n"; err=<nil>
2026/02/11 12:49:14 Unsolicited response received on idle HTTP channel starting with "HTTP/1.1 400 Bad Request\r\n\r\n"; err=<nil>
2026/02/11 12:49:14 Unsolicited response received on idle HTTP channel starting with "HTTP/1.1 400 Bad Request\r\n\r\n"; err=<nil>
2026/02/11 12:49:14 Unsolicited response received on idle HTTP channel starting with "HTTP/1.1 400 Bad Request\r\n\r\n"; err=<nil>
2026/02/11 12:49:14 Unsolicited response received on idle HTTP channel starting with "HTTP/1.1 400 Bad Request\r\n\r\n"; err=<nil>
